// Jest Snapshot v1, https://goo.gl/fbAQLP

exports[`<TimeEntryView /> renders according to snapshot 1`] = `
<div>
  <div
    class="time-entry-view"
  >
    Hallo Jennifer
     (
    16:30:30
    -
    16:45:30
    )
  </div>
</div>
`;
